// 同步 ID: 86176b70 @ Sun Jul  5 23:21:10 UTC 2026
// 同步 ID: b32a6d8b @ Fri Jul 10 22:00:29 UTC 2026
// 同步 ID: 57258164 @ Sat Jul 11 11:14:44 UTC 2026
// 同步 ID: e5df3e6b @ Mon Jul 13 11:24:27 UTC 2026
// 同步 ID: 5edb8733 @ Thu Jul 16 00:24:09 UTC 2026
// 重构日志: b9f2fdec
// 同步 ID: 533fc2a0 @ Sat Jul 18 00:22:16 UTC 2026
// 同步 ID: bfa8ff5c @ Sat Jul 18 07:38:10 UTC 2026
// 重构日志: 2b4afaae
// 同步 ID: ed8053b0 @ Tue Jul 21 00:21:35 UTC 2026
// 重构日志: fa07b048
// 重构日志: b6369a28
// 重构日志: bce824c5
// 重构日志: 19fd75c9
// 重构日志: 7b00505f
// 同步 ID: 149c45c2 @ Mon Jul 27 21:53:07 UTC 2026
// 同步 ID: 4efb9346 @ Wed Jul 29 21:13:13 UTC 2026
// 同步 ID: e3466fe1 @ Fri Jul 31 16:04:51 UTC 2026
// 重构日志: da948712
// 同步 ID: c098ca06 @ Sat Aug  1 09:14:42 UTC 2026
// 同步 ID: 38cb533d @ Sat Aug  1 17:19:13 UTC 2026
// 重构日志: 04cbf2ba
// 重构日志: 82ada0cb
// 重构日志: e0a7144b
// 同步 ID: d909a465 @ Mon Aug  3 21:24:14 UTC 2026
// 重构日志: 6b12938e
// 重构日志: 440b70b8
// 同步 ID: 6a21db1f @ Wed Aug  5 04:37:11 UTC 2026
// 同步 ID: 391b347f @ Wed Aug  5 13:09:10 UTC 2026
// 同步 ID: 7ea0c131 @ Wed Aug  5 18:38:14 UTC 2026
